MySQL Assignment -1 (DDL)
1. Login to MySQL and view all databases already present. You should get
following result :

+--------------------+
| Database           |
+--------------------+
| demo               |
| fbsassignment      |
| information_schema |
| jsk                |
| mysql              |
| performance_schema |
+--------------------+
6 rows in set (0.00 sec)


2. Write an SQL statement to create a simple table countries including columns
country_id,country_name and region_id. After this display the structure of
table as below :


mysql> desc countries;
+-------------+-------------+------+-----+---------+-------+
| Field       | Type        | Null | Key | Default | Extra |
+-------------+-------------+------+-----+---------+-------+
| countryID   | int         | YES  |     | NULL    |       |
| countryName | varchar(25) | YES  |     | NULL    |       |
| regionCode  | int         | YES  |     | NULL    |       |
| famousPlace | varchar(25) | YES  |     | NULL    |       |
+-------------+-------------+------+-----+---------+-------+
4 rows in set (0.01 sec)


3. Write an SQL statement to create a table named jobs including columns
job_id, job_title, min_salary, max_salary and check whether the
max_salary amount exceeding the upper limit 25000. Also set job_id as
primary key and entering null values for job_title is not allowed.
:

mysql> create table jobs
    -> (
    -> jobId int primary key,
    -> jobTitle varchar(25) not null,
    -> minSalary int ,
    -> maxSalary int check(maxSalary > 25000)
    -> );
Query OK, 0 rows affected (0.03 sec)

mysql> insert into jobs(jobid,jobtitle,maxsalary) values(1,'Ass. Manager',300);
ERROR 3819 (HY000): Check constraint 'jobs_chk_1' is violated.
mysql> insert into jobs(jobid,jobtitle,maxsalary) values(1,'Ass. Manager',30000);
Query OK, 1 row affected (0.01 sec)

mysql> table jobs;
+-------+--------------+-----------+-----------+
| jobId | jobTitle     | minSalary | maxSalary |
+-------+--------------+-----------+-----------+
|     1 | Ass. Manager |      NULL |     30000 |
+-------+--------------+-----------+-----------+
1 row in set (0.00 sec)

mysql> insert into jobs(jobid,jobtitle,maxsalary) values(1,'Ass. Manager',600);
ERROR 3819 (HY000): Check constraint 'jobs_chk_1' is violated.



4. Write a SQL statement to create a table named job_histry including columns
employee_id, start_date, end_date, job_id and department_id



mysql> CREATE TABLE JOB_HISTORY
    -> (
    -> EMP_ID INT,
    -> START_DATE DATE,
    -> END_DATE DATE,
    -> JOB_ID INT,
    -> DEPT_ID INT
    -> );
Query OK, 0 rows affected (0.03 sec)

mysql> DESC JOB_HISTORY;
+------------+------+------+-----+---------+-------+
| Field      | Type | Null | Key | Default | Extra |
+------------+------+------+-----+---------+-------+
| EMP_ID     | int  | YES  |     | NULL    |       |
| START_DATE | date | YES  |     | NULL    |       |
| END_DATE   | date | YES  |     | NULL    |       |
| JOB_ID     | int  | YES  |     | NULL    |       |
| DEPT_ID    | int  | YES  |     | NULL    |       |
+------------+------+------+-----+---------+-------+
5 rows in set (0.00 sec)

mysql> SHOW CREATE TABLE JOB_HISTORY;
+-------------+----------------------------------------------------------------------------------------------------------------------------------------------------------------------------------------------------------------------------------------------------------+
| Table       | Create Table                                                                                                                                                                                                                                             |
+-------------+----------------------------------------------------------------------------------------------------------------------------------------------------------------------------------------------------------------------------------------------------------+
| JOB_HISTORY | CREATE TABLE `job_history` (
  `EMP_ID` int DEFAULT NULL,
  `START_DATE` date DEFAULT NULL,
  `END_DATE` date DEFAULT NULL,
  `JOB_ID` int DEFAULT NULL,
  `DEPT_ID` int DEFAULT NULL
) ENGINE=InnoDB DEFAULT CHARSET=utf8mb4 COLLATE=utf8mb4_0900_ai_ci |
+-------------+----------------------------------------------------------------------------------------------------------------------------------------------------------------------------------------------------------------------------------------------------------+
1 row in set (0.00 sec)




5. Write an SQL statement to alter a table named countries to make sure that no
duplicate data against column country_id will be allowed at the time of
insertion.


mysql> TABLE COUNTRIES;
+-----------+-------------+------------+---------------+
| COUNTRYID | countryName | regionCode | famousPlace   |
+-----------+-------------+------------+---------------+
|        91 | INDIA       |          1 | PUNE          |
|         1 | Brazil      |       1203 | Amazon Forest |
+-----------+-------------+------------+---------------+
2 rows in set (0.00 sec)

mysql> INSERT INTO COUNTRIES(countryID,countryName,regionCode,famousPlace)
    -> VALUES (91,Bangladesh,19,'RIver');
ERROR 1054 (42S22): Unknown column 'Bangladesh' in 'field list'
mysql> INSERT INTO COUNTRIES(countryID,countryName,regionCode,famousPlace)
    -> VALUES (1,Pakistan,30,'Karachy');
ERROR 1054 (42S22): Unknown column 'Pakistan' in 'field list'




6. Write an SQL statement to create a table named jobs including columns job_id,
job_title, min_salary and max_salary, and make sure that, the default value
for job_title is blank and min_salary is 8000 and max_salary is NULL will be
entered automatically at the time of insertion if no value assigned for the
specified columns.


mysql> CREATE TABLE JOBS
    -> (
    -> Job_ID INT,
    -> Job_Title VARCHAR(20),
    -> Min_Salary INT CHECK (Min_Salary > 8000),
    -> MaX_Salary INT
    -> );
Query OK, 0 rows affected (0.02 sec)

mysql> DESC JOBS;
+------------+-------------+------+-----+---------+-------+
| Field      | Type        | Null | Key | Default | Extra |
+------------+-------------+------+-----+---------+-------+
| Job_ID     | int         | YES  |     | NULL    |       |
| Job_Title  | varchar(20) | YES  |     | NULL    |       |
| Min_Salary | int         | YES  |     | NULL    |       |
| MaX_Salary | int         | YES  |     | NULL    |       |
+------------+-------------+------+-----+---------+-------+
4 rows in set (0.00 sec)

mysql> INSERT INTO JOBS(Job_ID,Job_Title,Min_Salary,Max_Salary)
    -> VALUES(101,'Ass. Manager',10000,24000);
Query OK, 1 row affected (0.01 sec)

mysql> INSERT INTO JOBS(Job_ID,Job_Title,Min_Salary,Max_Salary)
    -> VALUES(102,'Team Manager',4000,24000);
ERROR 3819 (HY000): Check constraint 'jobs_chk_1' is violated.
mysql> INSERT INTO JOBS(Job_ID,Job_Title,Min_Salary)
    -> VALUES(103,'Employee',9480);
Query OK, 1 row affected (0.01 sec)

mysql> TABLE jobs;
+--------+--------------+------------+------------+
| Job_ID | Job_Title    | Min_Salary | MaX_Salary |
+--------+--------------+------------+------------+
|    101 | Ass. Manager |      10000 |      24000 |
|    103 | Employee     |       9480 |       NULL |
+--------+--------------+------------+------------+
2 rows in set (0.00 sec)




7. Create a Department table with following structure

+-----------------+--------------+------+-----+---------+-------+
| Field           | Type         | Null | Key | Default | Extra |
+-----------------+--------------+------+-----+---------+-------+
| Department_ID   | decimal(4,0) | NO   | PRI | NULL    |       |
| Department_Name | varchar(35)  | NO   |     | NULL    |       |
| Manager_ID      | decimal(6,0) | NO   | PRI | NULL    |       |
| Location_ID     | decimal(4,0) | YES  |     | NULL    |       |
+-----------------+--------------+------+-----+---------+-------+




mysql> CREATE TABLE DEPARTMENT
    -> (
    -> Department_ID DECIMAL(4,0),
    -> Department_Name VARCHAR(35) NOT NULL,
    -> Manager_ID DECIMAL(6,0),
    -> Location_ID DECIMAL(4,0),
    -> PRIMARY KEY (Department_ID,Manager_ID)
    -> );
Query OK, 0 rows affected (0.03 sec)


mysql> DESC DEPARTMENT;
+-----------------+--------------+------+-----+---------+-------+
| Field           | Type         | Null | Key | Default | Extra |
+-----------------+--------------+------+-----+---------+-------+
| Department_ID   | decimal(4,0) | NO   | PRI | NULL    |       |
| Department_Name | varchar(35)  | NO   |     | NULL    |       |
| Manager_ID      | decimal(6,0) | NO   | PRI | NULL    |       |
| Location_ID     | decimal(4,0) | YES  |     | NULL    |       |
+-----------------+--------------+------+-----+---------+-------+
4 rows in set (0.00 sec)







8. Write an SQL statement to create a table employees including columns
employee_id, first_name, last_name, email, phone_number hire_date, job_id,
salary, commission, manager_id and department_id and make sure that, the
employee_id column does not contain any duplicate value at the time of
insertion and the foreign key columns combined by department_id and
manager_id columns contain only those unique combination values, which
combinations are exists in the departments table.




mysql> CREATE TABLE EMPLOYEE(
    -> Employee_ID INT UNIQUE,
    -> First_Name VARCHAR(20),
    -> Last_Name VARCHAR(20),
    -> Email_ID VARCHAR(20),
    -> Phone_Num INT,
    -> Hire_Date DATE,
    -> Job_ID INT,
    -> Commission DECIMAL(5,0),
    -> Salary DECIMAL(5,0),
    -> Department_ID DECIMAL(4,0),
    -> Manager_ID DECIMAL(4,0),
    -> FOREIGN KEY(Department_ID,Manager_ID) REFERENCES Department(Department_ID,Manager_ID)
    -> );
Query OK, 0 rows affected (0.07 sec)

mysql> TABLE EMPLOYEE;
Empty set (0.00 sec)

mysql> DESC EMPLOYEE;
+---------------+--------------+------+-----+---------+-------+
| Field         | Type         | Null | Key | Default | Extra |
+---------------+--------------+------+-----+---------+-------+
| Employee_ID   | int          | YES  | UNI | NULL    |       |
| First_Name    | varchar(20)  | YES  |     | NULL    |       |
| Last_Name     | varchar(20)  | YES  |     | NULL    |       |
| Email_ID      | varchar(20)  | YES  |     | NULL    |       |
| Phone_Num     | int          | YES  |     | NULL    |       |
| Hire_Date     | date         | YES  |     | NULL    |       |
| Job_ID        | int          | YES  |     | NULL    |       |
| Commission    | decimal(5,0) | YES  |     | NULL    |       |
| Salary        | decimal(5,0) | YES  |     | NULL    |       |
| Department_ID | decimal(4,0) | YES  | MUL | NULL    |       |
| Manager_ID    | decimal(4,0) | YES  |     | NULL    |       |
+---------------+--------------+------+-----+---------+-------+
11 rows in set (0.00 sec)



mysql> SHOW CREATE TABLE EMPLOYEE;
+----------+------------------------------------------------------------------------------------------------------------------------------------------------------------------------------------------------------------------------------------------------------------------------------------------------------------------------------------------------------------------------------------------------------------------------------------------------------------------------------------------------------------------------------------------------------------------------------------------------------------------------------------------------------------------------------------------------------------------------------------------------------------------+
| Table    | Create Table                                                                                                                                                                                                                                                                                                                                                                                                                                                                                                                                                                                                                                                                                                                                                     |
+----------+------------------------------------------------------------------------------------------------------------------------------------------------------------------------------------------------------------------------------------------------------------------------------------------------------------------------------------------------------------------------------------------------------------------------------------------------------------------------------------------------------------------------------------------------------------------------------------------------------------------------------------------------------------------------------------------------------------------------------------------------------------------+
| EMPLOYEE | CREATE TABLE `employee` (
  `Employee_ID` int DEFAULT NULL,
  `First_Name` varchar(20) DEFAULT NULL,
  `Last_Name` varchar(20) DEFAULT NULL,
  `Email_ID` varchar(20) DEFAULT NULL,
  `Phone_Num` int DEFAULT NULL,
  `Hire_Date` date DEFAULT NULL,
  `Job_ID` int DEFAULT NULL,
  `Commission` decimal(5,0) DEFAULT NULL,
  `Salary` decimal(5,0) DEFAULT NULL,
  `Department_ID` decimal(4,0) DEFAULT NULL,
  `Manager_ID` decimal(4,0) DEFAULT NULL,
  UNIQUE KEY `Employee_ID` (`Employee_ID`),
  KEY `Department_ID` (`Department_ID`,`Manager_ID`),
  CONSTRAINT `employee_ibfk_1` FOREIGN KEY (`Department_ID`, `Manager_ID`) REFERENCES `department` (`Department_ID`, `Manager_ID`)
) ENGINE=InnoDB DEFAULT CHARSET=utf8mb4 COLLATE=utf8mb4_0900_ai_ci |
+----------+------------------------------------------------------------------------------------------------------------------------------------------------------------------------------------------------------------------------------------------------------------------------------------------------------------------------------------------------------------------------------------------------------------------------------------------------------------------------------------------------------------------------------------------------------------------------------------------------------------------------------------------------------------------------------------------------------------------------------------------------------------------+
1 row in set (0.00 sec)


















